// Jest Snapshot v1, https://goo.gl/fbAQLP

exports[`main should response html when request path contains chinese 1`] = `
"<!DOCTYPE html>
<html lang=\\"en\\">
<head>
  <meta charset=\\"UTF-8\\">
  <meta http-equiv=\\"X-UA-Compatible\\" content=\\"IE=edge\\">
  <meta name=\\"viewport\\" content=\\"width=device-width, initial-scale=1.0, user-scalable=no\\">
  <title>你好 呀</title>
  <link rel=\\"stylesheet\\" href=\\"//unpkg.com/github-markdown-css\\">
  <link rel=\\"stylesheet\\" href=\\"//unpkg.com/highlight.js/styles/github.css\\">
  <style>
    .markdown-body {
      max-width: 65%;
      margin: 40px auto 30px;
    }
    @media screen and (max-width: 1200px) {
      .markdown-body {
        max-width: 78%;
      }
    }

    @media screen and (max-width: 700px) {
      .markdown-body {
        max-width: 90%;
        margin: 20px auto 10px;
      }
    }
    @media screen and (max-width: 400px) {
      .markdown-body {
        max-width: 98%;
        margin: 20px auto 10px;
      }
    }
  </style>
</head>
<body>
<div class=\\"markdown-body\\">
  <h2 id=\\"haha\\"><a href=\\"#haha\\" class=\\"anchor\\"><svg aria-hidden=\\"true\\" class=\\"octicon octicon-link\\" height=\\"16\\" version=\\"1.1\\" view-box=\\"0 0 16 16\\" width=\\"16\\"><path d=\\"M4 9h1v1H4c-1.5 0-3-1.69-3-3.5S2.55 3 4 3h4c1.45 0 3 1.69 3 3.5 0 1.41-.91 2.72-2 3.25V8.59c.58-.45 1-1.27 1-2.09C10 5.22 8.98 4 8 4H4c-.98 0-2 1.22-2 2.5S3 9 4 9zm9-3h-1v1h1c1 0 2 1.22 2 2.5S13.98 12 13 12H9c-.98 0-2-1.22-2-2.5 0-.83.42-1.64 1-2.09V6.25c-1.09.53-2 1.84-2 3.25C6 11.31 7.55 13 9 13h4c1.45 0 3-1.69 3-3.5S14.5 6 13 6z\\"></path></svg></a>haha</h2>
</div>
</body>
</html>
"
`;

exports[`main should return 302 when directory matched 1`] = `"Found. Redirecting to /readme/"`;

exports[`main should static works when path not found, but has 404.html 1`] = `
"<!DOCTYPE html>
<html lang=\\"en\\">
<head>
    <meta charset=\\"UTF-8\\">
    <title>404</title>
</head>
<body>

</body>
</html>
"
`;

exports[`main should support meta title firstly 1`] = `
"
<div class=\\"markdown-body\\">
  <h1 id=\\"raw\\"><a href=\\"#raw\\" class=\\"anchor\\"><svg aria-hidden=\\"true\\" class=\\"octicon octicon-link\\" height=\\"16\\" version=\\"1.1\\" view-box=\\"0 0 16 16\\" width=\\"16\\"><path d=\\"M4 9h1v1H4c-1.5 0-3-1.69-3-3.5S2.55 3 4 3h4c1.45 0 3 1.69 3 3.5 0 1.41-.91 2.72-2 3.25V8.59c.58-.45 1-1.27 1-2.09C10 5.22 8.98 4 8 4H4c-.98 0-2 1.22-2 2.5S3 9 4 9zm9-3h-1v1h1c1 0 2 1.22 2 2.5S13.98 12 13 12H9c-.98 0-2-1.22-2-2.5 0-.83.42-1.64 1-2.09V6.25c-1.09.53-2 1.84-2 3.25C6 11.31 7.55 13 9 13h4c1.45 0 3-1.69 3-3.5S14.5 6 13 6z\\"></path></svg></a>raw</h1>
</div>


"
`;
